[INFO] Scanning for projects...
[INFO] 
[INFO] -----------------------< com.liteflow:LiteFlow >------------------------
[INFO] Building LiteFlow 1.0.0
[INFO]   from pom.xml
[INFO] --------------------------------[ war ]---------------------------------
[INFO] 
[INFO] --- jacoco:0.8.10:prepare-agent (prepare-agent) @ LiteFlow ---
[INFO] argLine set to -javaagent:C:\\Users\\VuxDucGiang\\.m2\\repository\\org\\jacoco\\org.jacoco.agent\\0.8.10\\org.jacoco.agent-0.8.10-runtime.jar=destfile=E:\\FPT_University\\FALL2025\\SWP391\\LiteFlow\\target\\jacoco.exec
[INFO] 
[INFO] --- resources:3.3.1:resources (default-resources) @ LiteFlow ---
[INFO] Copying 1 resource from src\main\resources to target\classes
[INFO] 
[INFO] --- compiler:3.11.0:compile (default-compile) @ LiteFlow ---
[INFO] Changes detected - recompiling the module! :source
[INFO] Compiling 207 source files with javac [debug target 16] to target\classes
[WARNING] system modules path not set in conjunction with -source 16
[INFO] Annotation processing is enabled because one or more processors were found
  on the class path. A future release of javac may disable annotation processing
  unless at least one processor is specified by name (-processor), or a search
  path is specified (--processor-path, --processor-module-path), or annotation
  processing is enabled explicitly (-proc:only, -proc:full).
  Use -Xlint:-options to suppress this message.
  Use -proc:none to disable annotation processing.
[INFO] Hibernate/JPA static Metamodel Generator 6.4.4.Final
[WARNING] Unable to parse persistence.xml: Unable to perform unmarshalling at line number 0 and column 0. Message: null
[WARNING] Supported source version 'RELEASE_8' from annotation processor 'org.apache.tinkerpop.gremlin.process.traversal.dsl.GremlinDslProcessor' less than -source '16'
[INFO] /E:/FPT_University/FALL2025/SWP391/LiteFlow/src/main/java/com/liteflow/service/procurement/ProcurementService.java: Some input files use unchecked or unsafe operations.
[INFO] /E:/FPT_University/FALL2025/SWP391/LiteFlow/src/main/java/com/liteflow/service/procurement/ProcurementService.java: Recompile with -Xlint:unchecked for details.
[INFO] 
[INFO] --- resources:3.3.1:testResources (default-testResources) @ LiteFlow ---
[INFO] Copying 1 resource from src\test\resources to target\test-classes
[INFO] 
[INFO] --- compiler:3.11.0:testCompile (default-testCompile) @ LiteFlow ---
[INFO] Changes detected - recompiling the module! :dependency
[INFO] Compiling 21 source files with javac [debug target 16] to target\test-classes
[WARNING] system modules path not set in conjunction with -source 16
[INFO] Annotation processing is enabled because one or more processors were found
  on the class path. A future release of javac may disable annotation processing
  unless at least one processor is specified by name (-processor), or a search
  path is specified (--processor-path, --processor-module-path), or annotation
  processing is enabled explicitly (-proc:only, -proc:full).
  Use -Xlint:-options to suppress this message.
  Use -proc:none to disable annotation processing.
[INFO] Hibernate/JPA static Metamodel Generator 6.4.4.Final
[WARNING] Unable to parse persistence.xml: Unable to perform unmarshalling at line number 0 and column 0. Message: null
[WARNING] Supported source version 'RELEASE_8' from annotation processor 'org.apache.tinkerpop.gremlin.process.traversal.dsl.GremlinDslProcessor' less than -source '16'
[INFO] /E:/FPT_University/FALL2025/SWP391/LiteFlow/src/test/java/com/liteflow/unit/controller/cashier/CashierAPIServletTest.java: Some input files use unchecked or unsafe operations.
[INFO] /E:/FPT_University/FALL2025/SWP391/LiteFlow/src/test/java/com/liteflow/unit/controller/cashier/CashierAPIServletTest.java: Recompile with -Xlint:unchecked for details.
[INFO] 
[INFO] --- surefire:3.1.2:test (default-test) @ LiteFlow ---
[INFO] Using auto detected provider org.apache.maven.surefire.junitplatform.JUnitPlatformProvider
[INFO] 
[INFO] -------------------------------------------------------
[INFO]  T E S T S
[INFO] -------------------------------------------------------
[INFO] Running com.liteflow.selenium.tests.RoomTableSystemTest
mvn : SLF4J: Failed to load class "org.slf4j.impl.StaticLoggerBinder".
At C:\Users\VuxDucGiang\AppData\Local\Temp\ps-script-e11efbec-e65c-45cd-aca4-d956289733b7.ps1:79 char:48
+ ... 025\SWP391\LiteFlow; mvn test -Dtest=RoomTableSystemTest 2>&1 | Out-F ...
+                          ~~~~~~~~~~~~~~~~~~~~~~~~~~~~~~~~~~~~~~~~
    + CategoryInfo          : NotSpecified: (SLF4J: Failed t...cLoggerBinder".:String) [], RemoteException
    + FullyQualifiedErrorId : NativeCommandError
 
SLF4J: Defaulting to no-operation (NOP) logger implementation
SLF4J: See http://www.slf4j.org/codes.html#StaticLoggerBinder for further details.
thg 11 08, 2025 6:51:46 CH org.openqa.selenium.devtools.CdpVersionFinder findNearestMatch
WARNING: Unable to find CDP implementation matching 142
thg 11 08, 2025 6:51:46 CH org.openqa.selenium.chromium.ChromiumDriver lambda$new$5
WARNING: Unable to find version of CDP to use for 142.0.7444.134. You may need to include a dependency on a specific 
version of the CDP using something similar to `org.seleniumhq.selenium:selenium-devtools-v86:4.15.0` where the version 
("v86") matches the version of the chromium-based browser you're using and the version number of the artifact is the 
same as Selenium's.
thg 11 08, 2025 6:51:52 CH org.openqa.selenium.devtools.CdpVersionFinder findNearestMatch
WARNING: Unable to find CDP implementation matching 142
thg 11 08, 2025 6:51:52 CH org.openqa.selenium.chromium.ChromiumDriver lambda$new$5
WARNING: Unable to find version of CDP to use for 142.0.7444.134. You may need to include a dependency on a specific 
version of the CDP using something similar to `org.seleniumhq.selenium:selenium-devtools-v86:4.15.0` where the version 
("v86") matches the version of the chromium-based browser you're using and the version number of the artifact is the 
same as Selenium's.
thg 11 08, 2025 6:52:02 CH org.openqa.selenium.devtools.CdpVersionFinder findNearestMatch
WARNING: Unable to find CDP implementation matching 142
thg 11 08, 2025 6:52:02 CH org.openqa.selenium.chromium.ChromiumDriver lambda$new$5
WARNING: Unable to find version of CDP to use for 142.0.7444.134. You may need to include a dependency on a specific 
version of the CDP using something similar to `org.seleniumhq.selenium:selenium-devtools-v86:4.15.0` where the version 
("v86") matches the version of the chromium-based browser you're using and the version number of the artifact is the 
same as Selenium's.
Failed to get room names: Expected condition failed: waiting for presence of element located by: By.cssSelector: 
.room-table-container:first-of-type .table tbody tr (tried for 15 second(s) with 500 milliseconds interval)
thg 11 08, 2025 6:52:59 CH org.openqa.selenium.devtools.CdpVersionFinder findNearestMatch
WARNING: Unable to find CDP implementation matching 142
thg 11 08, 2025 6:52:59 CH org.openqa.selenium.chromium.ChromiumDriver lambda$new$5
WARNING: Unable to find version of CDP to use for 142.0.7444.134. You may need to include a dependency on a specific 
version of the CDP using something similar to `org.seleniumhq.selenium:selenium-devtools-v86:4.15.0` where the version 
("v86") matches the version of the chromium-based browser you're using and the version number of the artifact is the 
same as Selenium's.
thg 11 08, 2025 6:53:19 CH org.openqa.selenium.devtools.CdpVersionFinder findNearestMatch
WARNING: Unable to find CDP implementation matching 142
thg 11 08, 2025 6:53:19 CH org.openqa.selenium.chromium.ChromiumDriver lambda$new$5
WARNING: Unable to find version of CDP to use for 142.0.7444.134. You may need to include a dependency on a specific 
version of the CDP using something similar to `org.seleniumhq.selenium:selenium-devtools-v86:4.15.0` where the version 
("v86") matches the version of the chromium-based browser you're using and the version number of the artifact is the 
same as Selenium's.
